// Jest Snapshot v1, https://goo.gl/fbAQLP

exports[`renders the Book component correctly 1`] = `
<div>
  <div>
    <center>
      Now Loading...
    </center>
  </div>
</div>
`;
