// Jest Snapshot v1, https://goo.gl/fbAQLP

exports[`renders the BookIntroduction component correctly 1`] = `
<div>
  <div
    class="introductionStyle"
  >
    <h2>
      Introduction
    </h2>
  </div>
</div>
`;
